C:\Users\CJRipa\Videos\Proyecto\PracticasSE\implementation\Practica2.ngc 1675196671
C:/Users/CJRipa/Videos/Proyecto/PracticasSE/implementation/Practica2_microblaze_0_wrapper.ngc 1675196363
C:/Users/CJRipa/Videos/Proyecto/PracticasSE/implementation/Practica2_plb_v46_0_wrapper.ngc 1675196392
C:/Users/CJRipa/Videos/Proyecto/PracticasSE/implementation/Practica2_xps_bram_if_cntlr_0_wrapper.ngc 1675196363
C:/Users/CJRipa/Videos/Proyecto/PracticasSE/implementation/Practica2_bram_block_0_wrapper.ngc 1675196363
C:/Users/CJRipa/Videos/Proyecto/PracticasSE/implementation/Practica2_xps_gpio_0_wrapper.ngc 1675196363
C:/Users/CJRipa/Videos/Proyecto/PracticasSE/implementation/Practica2_xps_uartlite_0_wrapper.ngc 1675196363
C:/Users/CJRipa/Videos/Proyecto/PracticasSE/implementation/Practica2_xps_gpio_1_wrapper.ngc 1675196363
C:/Users/CJRipa/Videos/Proyecto/PracticasSE/implementation/Practica2_banner_0_wrapper.ngc 1675196421
C:/Users/CJRipa/Videos/Proyecto/PracticasSE/implementation/Practica2_keypad_0_wrapper.ngc 1675196435
C:/Users/CJRipa/Videos/Proyecto/PracticasSE/implementation/Practica2_leds_rgb_0_wrapper.ngc 1675196456
C:/Users/CJRipa/Videos/Proyecto/PracticasSE/implementation/Practica2_altavoz_0_wrapper.ngc 1675196469
OK
